// Jest Snapshot v1, https://goo.gl/fbAQLP

exports[`SmallPreviewContainer Rendering snapshot renders correctly 1`] = `ShallowWrapper {}`;
